127.0.0.1 - - [14/Nov/2019:09:19:25 +0530] "GET / HTTP/1.1" 404 1074
0:0:0:0:0:0:0:1 - - [14/Nov/2019:09:19:53 +0530] "GET /webapp HTTP/1.1" 302 -
0:0:0:0:0:0:0:1 - - [14/Nov/2019:09:19:53 +0530] "GET /webapp/ HTTP/1.1" 200 218
0:0:0:0:0:0:0:1 - - [14/Nov/2019:09:19:54 +0530] "GET /favicon.ico HTTP/1.1" 404 1085
0:0:0:0:0:0:0:1 - - [14/Nov/2019:09:20:01 +0530] "GET /webapp/redirect HTTP/1.1" 302 -
0:0:0:0:0:0:0:1 - - [14/Nov/2019:09:20:37 +0530] "GET /webapp/redirect HTTP/1.1" 302 -
0:0:0:0:0:0:0:1 - - [14/Nov/2019:09:22:05 +0530] "GET /webapp/redirect HTTP/1.1" 302 -
0:0:0:0:0:0:0:1 - - [14/Nov/2019:09:40:12 +0530] "GET /webapp HTTP/1.1" 302 -
0:0:0:0:0:0:0:1 - - [14/Nov/2019:09:40:12 +0530] "GET /webapp/ HTTP/1.1" 200 218
0:0:0:0:0:0:0:1 - - [14/Nov/2019:09:40:22 +0530] "GET /webapp/redirect HTTP/1.1" 302 -
0:0:0:0:0:0:0:1 - - [14/Nov/2019:09:40:52 +0530] "GET /webapp/serch.html HTTP/1.1" 404 1095
127.0.0.1 - - [14/Nov/2019:09:41:28 +0530] "GET / HTTP/1.1" 404 1074
0:0:0:0:0:0:0:1 - - [14/Nov/2019:09:41:38 +0530] "GET /webapp/search.html HTTP/1.1" 200 357
0:0:0:0:0:0:0:1 - - [14/Nov/2019:09:41:43 +0530] "GET /webapp/redirect?search=java HTTP/1.1" 302 -
0:0:0:0:0:0:0:1 - - [14/Nov/2019:09:44:39 +0530] "GET /webapp/redirect?search=java HTTP/1.1" 302 -
0:0:0:0:0:0:0:1 - - [14/Nov/2019:09:45:11 +0530] "GET /webapp/redirect?search=java HTTP/1.1" 302 -
127.0.0.1 - - [14/Nov/2019:09:46:01 +0530] "GET / HTTP/1.1" 404 1074
0:0:0:0:0:0:0:1 - - [14/Nov/2019:09:46:09 +0530] "GET /webapp/redirect?search=java HTTP/1.1" 302 -
127.0.0.1 - - [14/Nov/2019:09:58:36 +0530] "GET / HTTP/1.1" 404 1074
0:0:0:0:0:0:0:1 - - [14/Nov/2019:09:58:49 +0530] "GET /webapp/search.html HTTP/1.1" 200 664
0:0:0:0:0:0:0:1 - - [14/Nov/2019:09:58:53 +0530] "GET /webapp/redirect?search=&select=Bing HTTP/1.1" 500 1713
127.0.0.1 - - [14/Nov/2019:10:06:17 +0530] "GET / HTTP/1.1" 404 1074
0:0:0:0:0:0:0:1 - - [14/Nov/2019:10:06:26 +0530] "GET /webapp/redirect?search=java&select=Bing HTTP/1.1" 500 1713
0:0:0:0:0:0:0:1 - - [14/Nov/2019:10:06:36 +0530] "GET /webapp/redirect?search=java&select=Yahoo HTTP/1.1" 500 1713
0:0:0:0:0:0:0:1 - - [14/Nov/2019:10:06:43 +0530] "GET /webapp/redirect?search=java&select=Google HTTP/1.1" 500 1713
127.0.0.1 - - [14/Nov/2019:10:07:42 +0530] "GET / HTTP/1.1" 404 1074
0:0:0:0:0:0:0:1 - - [14/Nov/2019:10:07:50 +0530] "GET /webapp/redirect?search=java&select=Bing HTTP/1.1" 302 -
0:0:0:0:0:0:0:1 - - [14/Nov/2019:10:08:26 +0530] "GET /webapp/redirect?search=java&select=Google HTTP/1.1" 302 -
0:0:0:0:0:0:0:1 - - [14/Nov/2019:10:08:36 +0530] "GET /webapp/redirect?search=java&select=Yahoo HTTP/1.1" 302 -
0:0:0:0:0:0:0:1 - - [14/Nov/2019:10:09:35 +0530] "GET /webapp/redirect?search=java&select=Yahoo HTTP/1.1" 302 -
127.0.0.1 - - [14/Nov/2019:10:25:12 +0530] "GET / HTTP/1.1" 404 1074
0:0:0:0:0:0:0:1 - - [14/Nov/2019:10:25:23 +0530] "GET /webapp/forward HTTP/1.1" 200 223
127.0.0.1 - - [14/Nov/2019:10:47:59 +0530] "GET / HTTP/1.1" 404 1074
0:0:0:0:0:0:0:1 - - [14/Nov/2019:10:48:08 +0530] "GET /webapp/include HTTP/1.1" 200 295
127.0.0.1 - - [14/Nov/2019:10:59:09 +0530] "GET / HTTP/1.1" 404 1074
127.0.0.1 - - [14/Nov/2019:10:59:52 +0530] "GET / HTTP/1.1" 404 1074
0:0:0:0:0:0:0:1 - - [14/Nov/2019:11:00:02 +0530] "GET /webapp/form-forward HTTP/1.1" 405 1116
127.0.0.1 - - [14/Nov/2019:11:01:58 +0530] "GET / HTTP/1.1" 404 1074
0:0:0:0:0:0:0:1 - - [14/Nov/2019:11:02:03 +0530] "GET /webapp/form-forward HTTP/1.1" 405 1116
0:0:0:0:0:0:0:1 - - [14/Nov/2019:11:02:04 +0530] "GET /webapp/form-forward HTTP/1.1" 405 1116
0:0:0:0:0:0:0:1 - - [14/Nov/2019:11:02:06 +0530] "GET /webapp/form-forward HTTP/1.1" 405 1116
0:0:0:0:0:0:0:1 - - [14/Nov/2019:11:02:20 +0530] "GET /webapp/form-forward HTTP/1.1" 405 1116
127.0.0.1 - - [14/Nov/2019:11:03:53 +0530] "GET / HTTP/1.1" 404 1074
0:0:0:0:0:0:0:1 - - [14/Nov/2019:11:03:59 +0530] "GET /webapp/form-forward HTTP/1.1" 405 1116
0:0:0:0:0:0:0:1 - - [14/Nov/2019:11:04:09 +0530] "GET /webapp/form-forward HTTP/1.1" 405 1116
127.0.0.1 - - [14/Nov/2019:11:05:50 +0530] "GET / HTTP/1.1" 404 1074
0:0:0:0:0:0:0:1 - - [14/Nov/2019:11:06:01 +0530] "GET /webapp/form-forward HTTP/1.1" 405 1116
0:0:0:0:0:0:0:1 - - [14/Nov/2019:11:11:13 +0530] "GET /webapp HTTP/1.1" 302 -
0:0:0:0:0:0:0:1 - - [14/Nov/2019:11:11:13 +0530] "GET /webapp/ HTTP/1.1" 200 181
0:0:0:0:0:0:0:1 - - [14/Nov/2019:11:11:20 +0530] "GET /webapp/form.html HTTP/1.1" 200 361
0:0:0:0:0:0:0:1 - - [14/Nov/2019:11:11:54 +0530] "POST /webapp/form-forward HTTP/1.1" 500 83528
127.0.0.1 - - [14/Nov/2019:11:12:40 +0530] "GET / HTTP/1.1" 404 1074
0:0:0:0:0:0:0:1 - - [14/Nov/2019:11:12:52 +0530] "GET /webapp/form.html HTTP/1.1" 304 -
127.0.0.1 - - [14/Nov/2019:11:14:40 +0530] "GET / HTTP/1.1" 404 1074
0:0:0:0:0:0:0:1 - - [14/Nov/2019:11:14:48 +0530] "GET /webapp/form.html HTTP/1.1" 304 -
0:0:0:0:0:0:0:1 - - [14/Nov/2019:11:15:14 +0530] "POST /webapp/form-forward HTTP/1.1" 500 84178
127.0.0.1 - - [14/Nov/2019:11:16:44 +0530] "GET / HTTP/1.1" 404 1074
0:0:0:0:0:0:0:1 - - [14/Nov/2019:11:17:07 +0530] "GET /webapp/form.html HTTP/1.1" 304 -
0:0:0:0:0:0:0:1 - - [14/Nov/2019:11:17:18 +0530] "POST /webapp/form-forward HTTP/1.1" 200 147
127.0.0.1 - - [14/Nov/2019:11:18:30 +0530] "GET / HTTP/1.1" 404 1074
0:0:0:0:0:0:0:1 - - [14/Nov/2019:11:18:45 +0530] "POST /webapp/form-forward HTTP/1.1" 200 141
127.0.0.1 - - [14/Nov/2019:11:44:37 +0530] "GET / HTTP/1.1" 404 1074
0:0:0:0:0:0:0:1 - - [14/Nov/2019:11:44:55 +0530] "GET /webapp/create-cookie HTTP/1.1" 200 27
127.0.0.1 - - [14/Nov/2019:12:10:44 +0530] "GET / HTTP/1.1" 404 1074
0:0:0:0:0:0:0:1 - - [14/Nov/2019:12:11:17 +0530] "GET /webapp/read-cookie HTTP/1.1" 200 51
127.0.0.1 - - [14/Nov/2019:13:38:23 +0530] "GET / HTTP/1.1" 404 1074
127.0.0.1 - - [14/Nov/2019:13:38:51 +0530] "GET / HTTP/1.1" 404 1074
0:0:0:0:0:0:0:1 - - [14/Nov/2019:13:39:11 +0530] "GET /webapp HTTP/1.1" 302 -
0:0:0:0:0:0:0:1 - - [14/Nov/2019:13:39:12 +0530] "GET /favicon.ico HTTP/1.1" 404 1085
0:0:0:0:0:0:0:1 - - [14/Nov/2019:13:39:16 +0530] "GET /webapp/emp-data HTTP/1.1" 405 1116
0:0:0:0:0:0:0:1 - - [14/Nov/2019:13:39:36 +0530] "GET /webapp/employee.html HTTP/1.1" 404 1098
0:0:0:0:0:0:0:1 - - [14/Nov/2019:13:40:15 +0530] "GET /webapp/employee.html HTTP/1.1" 404 1098
0:0:0:0:0:0:0:1 - - [14/Nov/2019:13:40:19 +0530] "GET /webapp/employee.html HTTP/1.1" 404 1098
0:0:0:0:0:0:0:1 - - [14/Nov/2019:13:40:38 +0530] "GET /webapp HTTP/1.1" 302 -
0:0:0:0:0:0:0:1 - - [14/Nov/2019:13:40:54 +0530] "GET /webapp/employee.html HTTP/1.1" 404 1098
127.0.0.1 - - [14/Nov/2019:13:42:43 +0530] "GET / HTTP/1.1" 404 1074
0:0:0:0:0:0:0:1 - - [14/Nov/2019:13:42:45 +0530] "GET /webapp/employee.html HTTP/1.1" 200 356
127.0.0.1 - - [14/Nov/2019:13:44:24 +0530] "GET / HTTP/1.1" 404 1074
0:0:0:0:0:0:0:1 - - [14/Nov/2019:13:44:25 +0530] "GET /webapp/emp-data HTTP/1.1" 405 1116
0:0:0:0:0:0:0:1 - - [14/Nov/2019:13:45:15 +0530] "GET /webapp/employee.html HTTP/1.1" 200 354
0:0:0:0:0:0:0:1 - - [14/Nov/2019:13:45:19 +0530] "POST /webapp/emp-data HTTP/1.1" 200 -
127.0.0.1 - - [14/Nov/2019:13:47:04 +0530] "GET / HTTP/1.1" 404 1074
0:0:0:0:0:0:0:1 - - [14/Nov/2019:13:47:05 +0530] "GET /webapp/emp-data HTTP/1.1" 405 1116
0:0:0:0:0:0:0:1 - - [14/Nov/2019:13:47:17 +0530] "GET /webapp/employee.html HTTP/1.1" 304 -
0:0:0:0:0:0:0:1 - - [14/Nov/2019:13:47:23 +0530] "POST /webapp/emp-data HTTP/1.1" 200 209
0:0:0:0:0:0:0:1 - - [14/Nov/2019:13:48:12 +0530] "GET /webapp/employee.html HTTP/1.1" 200 354
0:0:0:0:0:0:0:1 - - [14/Nov/2019:13:48:16 +0530] "POST /webapp/emp-data HTTP/1.1" 200 209
0:0:0:0:0:0:0:1 - - [14/Nov/2019:13:56:18 +0530] "POST /webapp/emp-data HTTP/1.1" 200 95
0:0:0:0:0:0:0:1 - - [14/Nov/2019:13:56:27 +0530] "POST /webapp/emp-data HTTP/1.1" 200 95
0:0:0:0:0:0:0:1 - - [14/Nov/2019:13:56:44 +0530] "POST /webapp/emp-data HTTP/1.1" 200 95
0:0:0:0:0:0:0:1 - - [14/Nov/2019:13:56:53 +0530] "POST /webapp/emp-data HTTP/1.1" 200 200
0:0:0:0:0:0:0:1 - - [14/Nov/2019:14:13:27 +0530] "GET /webapp/emp-data HTTP/1.1" 405 1116
0:0:0:0:0:0:0:1 - - [14/Nov/2019:14:13:41 +0530] "GET /webapp/employee.html HTTP/1.1" 304 -
0:0:0:0:0:0:0:1 - - [14/Nov/2019:14:13:45 +0530] "POST /webapp/emp-data HTTP/1.1" 200 209
0:0:0:0:0:0:0:1 - - [14/Nov/2019:14:20:20 +0530] "POST /webapp/emp-data HTTP/1.1" 200 209
127.0.0.1 - - [14/Nov/2019:14:24:13 +0530] "GET / HTTP/1.1" 404 1074
0:0:0:0:0:0:0:1 - - [14/Nov/2019:14:24:14 +0530] "GET /webapp/employee.html HTTP/1.1" 304 -
0:0:0:0:0:0:0:1 - - [14/Nov/2019:14:24:18 +0530] "POST /webapp/emp-data HTTP/1.1" 200 226
127.0.0.1 - - [14/Nov/2019:14:25:57 +0530] "GET / HTTP/1.1" 404 1074
0:0:0:0:0:0:0:1 - - [14/Nov/2019:14:25:57 +0530] "GET /webapp/emp-data HTTP/1.1" 405 1116
0:0:0:0:0:0:0:1 - - [14/Nov/2019:14:26:13 +0530] "POST /webapp/emp-data HTTP/1.1" 200 226
0:0:0:0:0:0:0:1 - - [14/Nov/2019:15:02:59 +0530] "POST /webapp/emp-data HTTP/1.1" 200 105
0:0:0:0:0:0:0:1 - - [14/Nov/2019:15:03:08 +0530] "POST /webapp/emp-data HTTP/1.1" 200 105
0:0:0:0:0:0:0:1 - - [14/Nov/2019:15:03:21 +0530] "POST /webapp/emp-data HTTP/1.1" 200 217
0:0:0:0:0:0:0:1 - - [14/Nov/2019:15:11:46 +0530] "GET /webapp/employee.html HTTP/1.1" 304 -
0:0:0:0:0:0:0:1 - - [14/Nov/2019:15:11:51 +0530] "POST /webapp/emp-data HTTP/1.1" 200 105
0:0:0:0:0:0:0:1 - - [14/Nov/2019:15:11:57 +0530] "POST /webapp/emp-data HTTP/1.1" 200 218
127.0.0.1 - - [14/Nov/2019:15:41:01 +0530] "GET / HTTP/1.1" 404 1074
0:0:0:0:0:0:0:1 - - [14/Nov/2019:15:41:02 +0530] "GET /webapp/get-context HTTP/1.1" 200 19
0:0:0:0:0:0:0:1 - - [14/Nov/2019:15:41:11 +0530] "GET /webapp/set-context HTTP/1.1" 200 48
0:0:0:0:0:0:0:1 - - [14/Nov/2019:15:41:18 +0530] "GET /webapp/get-context HTTP/1.1" 200 39
0:0:0:0:0:0:0:1 - - [14/Nov/2019:16:16:00 +0530] "GET /webapp/forward HTTP/1.1" 200 223
127.0.0.1 - - [14/Nov/2019:16:18:19 +0530] "GET / HTTP/1.1" 404 1074
0:0:0:0:0:0:0:1 - - [14/Nov/2019:16:18:20 +0530] "GET /webapp/forward HTTP/1.1" 200 223
0:0:0:0:0:0:0:1 - - [14/Nov/2019:16:53:08 +0530] "GET /webapp/create-cookie HTTP/1.1" 200 27
0:0:0:0:0:0:0:1 - - [14/Nov/2019:17:06:06 +0530] "GET /webapp/delete-cookie HTTP/1.1" 404 1098
127.0.0.1 - - [14/Nov/2019:17:06:39 +0530] "GET / HTTP/1.1" 404 1074
0:0:0:0:0:0:0:1 - - [14/Nov/2019:17:06:41 +0530] "GET /webapp/WEB-INF/web.xml HTTP/1.1" 404 1047
